// Jest Snapshot v1, https://goo.gl/fbAQLP

exports[`Sum Renders 1`] = `"3"`;
